src/db/schema/accounts.ts(1,10): error TS2395: Individual declarations in merged declaration 'accounts' must be all exported or all local.
src/db/schema/accounts.ts(1,10): error TS2440: Import declaration conflicts with local declaration of 'accounts'.
src/db/schema/accounts.ts(2,10): error TS2300: Duplicate identifier 'users'.
src/db/schema/accounts.ts(4,10): error TS2300: Duplicate identifier 'users'.
src/db/schema/accounts.ts(6,14): error TS2395: Individual declarations in merged declaration 'accounts' must be all exported or all local.
src/db/schema/auth.ts(1,55): error TS2300: Duplicate identifier 'uuid'.
src/db/schema/auth.ts(9,20): error TS2300: Duplicate identifier 'uuid'.
src/db/schema/cms.ts(2,10): error TS2300: Duplicate identifier 'users'.
src/db/schema/cms.ts(12,10): error TS2300: Duplicate identifier 'users'.
src/db/schema/content.ts(1,10): error TS2300: Duplicate identifier 'accounts'.
src/db/schema/content.ts(2,10): error TS2300: Duplicate identifier 'media'.
src/db/schema/content.ts(4,10): error TS2300: Duplicate identifier 'accounts'.
src/db/schema/content.ts(5,10): error TS2300: Duplicate identifier 'media'.
src/db/schema/core.ts(1,10): error TS2300: Duplicate identifier 'users'.
src/db/schema/core.ts(9,10): error TS2300: Duplicate identifier 'users'.
src/db/schema/homepage.ts(1,10): error TS2300: Duplicate identifier 'media'.
src/db/schema/homepage.ts(3,10): error TS2300: Duplicate identifier 'media'.
src/db/schema/marketing.ts(1,10): error TS2300: Duplicate identifier 'users'.
src/db/schema/marketing.ts(3,10): error TS2300: Duplicate identifier 'users'.
src/db/schema/relations.ts(2,10): error TS2300: Duplicate identifier 'users'.
src/db/schema/relations.ts(3,41): error TS2300: Duplicate identifier 'users'.
src/db/seed.ts(22,19): error TS7006: Parameter 'dataList' implicitly has an 'any' type.
