src/components/cms/BranchesGrid.tsx(36,9): error TS2322: Type 'Resolver<{ name_ar: string; name_en: string; address_ar: string; address_en: string; phone?: string | undefined; email?: string | undefined; latitude?: number | null | undefined; longitude?: number | null | undefined; is_active?: boolean | undefined; }, any, { ...; }>' is not assignable to type 'Resolver<{ name_ar: string; name_en: string; address_ar: string; address_en: string; is_active: boolean; phone?: string | undefined; email?: string | undefined; latitude?: number | null | undefined; longitude?: number | ... 1 more ... | undefined; }, any, { ...; }>'.
  Types of parameters 'options' and 'options' are incompatible.
    Type 'ResolverOptions<{ name_ar: string; name_en: string; address_ar: string; address_en: string; is_active: boolean; phone?: string | undefined; email?: string | undefined; latitude?: number | null | undefined; longitude?: number | ... 1 more ... | undefined; }>' is not assignable to type 'ResolverOptions<{ name_ar: string; name_en: string; address_ar: string; address_en: string; phone?: string | undefined; email?: string | undefined; latitude?: number | null | undefined; longitude?: number | null | undefined; is_active?: boolean | undefined; }>'.
      Type 'boolean | undefined' is not assignable to type 'boolean'.
        Type 'undefined' is not assignable to type 'boolean'.
src/components/cms/BranchesGrid.tsx(65,43): error TS2345: Argument of type 'string | null' is not assignable to parameter of type 'string | undefined'.
  Type 'null' is not assignable to type 'string | undefined'.
src/components/cms/BranchesGrid.tsx(152,62): error TS2345: Argument of type '(data: { name_ar: string; name_en: string; address_ar: string; address_en: string; is_active: boolean; phone?: string | undefined; email?: string | undefined; latitude?: number | null | undefined; longitude?: number | ... 1 more ... | undefined; }) => void' is not assignable to parameter of type 'SubmitHandler<TFieldValues>'.
  Types of parameters 'data' and 'data' are incompatible.
    Type 'TFieldValues' is not assignable to type '{ name_ar: string; name_en: string; address_ar: string; address_en: string; is_active: boolean; phone?: string | undefined; email?: string | undefined; latitude?: number | null | undefined; longitude?: number | ... 1 more ... | undefined; }'.
      Type 'FieldValues' is missing the following properties from type '{ name_ar: string; name_en: string; address_ar: string; address_en: string; is_active: boolean; phone?: string | undefined; email?: string | undefined; latitude?: number | null | undefined; longitude?: number | ... 1 more ... | undefined; }': name_ar, name_en, address_ar, address_en, is_active
src/components/cms/BranchesGrid.tsx(159,63): error TS2345: Argument of type '(data: { name_ar: string; name_en: string; address_ar: string; address_en: string; is_active: boolean; phone?: string | undefined; email?: string | undefined; latitude?: number | null | undefined; longitude?: number | ... 1 more ... | undefined; }) => void' is not assignable to parameter of type 'SubmitHandler<TFieldValues>'.
  Types of parameters 'data' and 'data' are incompatible.
    Type 'TFieldValues' is not assignable to type '{ name_ar: string; name_en: string; address_ar: string; address_en: string; is_active: boolean; phone?: string | undefined; email?: string | undefined; latitude?: number | null | undefined; longitude?: number | ... 1 more ... | undefined; }'.
      Type 'FieldValues' is missing the following properties from type '{ name_ar: string; name_en: string; address_ar: string; address_en: string; is_active: boolean; phone?: string | undefined; email?: string | undefined; latitude?: number | null | undefined; longitude?: number | ... 1 more ... | undefined; }': name_ar, name_en, address_ar, address_en, is_active
src/components/cms/CategoriesGrid.tsx(64,42): error TS2345: Argument of type 'string | null' is not assignable to parameter of type 'string | undefined'.
  Type 'null' is not assignable to type 'string | undefined'.
src/components/cms/OffersGrid.tsx(38,9): error TS2322: Type 'Resolver<{ title_ar: string; title_en: string; discount_type: "fixed" | "percentage"; discount_value: unknown; description_ar?: string | undefined; description_en?: string | undefined; product_id?: string | undefined; category_id?: string | undefined; starts_at?: string | undefined; expires_at?: string | undefined; ...' is not assignable to type 'Resolver<{ title_ar: string; title_en: string; discount_type: "fixed" | "percentage"; discount_value: number; is_active: boolean; description_ar?: string | undefined; description_en?: string | undefined; product_id?: string | undefined; category_id?: string | undefined; starts_at?: string | undefined; expires_at?: s...'.
  Types of parameters 'options' and 'options' are incompatible.
    Type 'ResolverOptions<{ title_ar: string; title_en: string; discount_type: "fixed" | "percentage"; discount_value: number; is_active: boolean; description_ar?: string | undefined; description_en?: string | undefined; product_id?: string | undefined; category_id?: string | undefined; starts_at?: string | undefined; expires...' is not assignable to type 'ResolverOptions<{ title_ar: string; title_en: string; discount_type: "fixed" | "percentage"; discount_value: unknown; description_ar?: string | undefined; description_en?: string | undefined; product_id?: string | undefined; category_id?: string | undefined; starts_at?: string | undefined; expires_at?: string | unde...'.
      Type 'unknown' is not assignable to type 'number'.
src/components/cms/OffersGrid.tsx(72,42): error TS2345: Argument of type 'string | null' is not assignable to parameter of type 'string | undefined'.
  Type 'null' is not assignable to type 'string | undefined'.
src/components/cms/OffersGrid.tsx(173,62): error TS2345: Argument of type '(data: { title_ar: string; title_en: string; discount_type: "fixed" | "percentage"; discount_value: number; is_active: boolean; description_ar?: string | undefined; description_en?: string | undefined; product_id?: string | undefined; category_id?: string | undefined; starts_at?: string | undefined; expires_at?: str...' is not assignable to parameter of type 'SubmitHandler<TFieldValues>'.
  Types of parameters 'data' and 'data' are incompatible.
    Type 'TFieldValues' is not assignable to type '{ title_ar: string; title_en: string; discount_type: "fixed" | "percentage"; discount_value: number; is_active: boolean; description_ar?: string | undefined; description_en?: string | undefined; product_id?: string | undefined; category_id?: string | undefined; starts_at?: string | undefined; expires_at?: string | u...'.
      Type 'FieldValues' is missing the following properties from type '{ title_ar: string; title_en: string; discount_type: "fixed" | "percentage"; discount_value: number; is_active: boolean; description_ar?: string | undefined; description_en?: string | undefined; product_id?: string | undefined; category_id?: string | undefined; starts_at?: string | undefined; expires_at?: string | u...': title_ar, title_en, discount_type, discount_value, is_active
src/components/cms/OffersGrid.tsx(180,62): error TS2345: Argument of type '(data: { title_ar: string; title_en: string; discount_type: "fixed" | "percentage"; discount_value: number; is_active: boolean; description_ar?: string | undefined; description_en?: string | undefined; product_id?: string | undefined; category_id?: string | undefined; starts_at?: string | undefined; expires_at?: str...' is not assignable to parameter of type 'SubmitHandler<TFieldValues>'.
  Types of parameters 'data' and 'data' are incompatible.
    Type 'TFieldValues' is not assignable to type '{ title_ar: string; title_en: string; discount_type: "fixed" | "percentage"; discount_value: number; is_active: boolean; description_ar?: string | undefined; description_en?: string | undefined; product_id?: string | undefined; category_id?: string | undefined; starts_at?: string | undefined; expires_at?: string | u...'.
      Type 'FieldValues' is missing the following properties from type '{ title_ar: string; title_en: string; discount_type: "fixed" | "percentage"; discount_value: number; is_active: boolean; description_ar?: string | undefined; description_en?: string | undefined; product_id?: string | undefined; category_id?: string | undefined; starts_at?: string | undefined; expires_at?: string | u...': title_ar, title_en, discount_type, discount_value, is_active
src/components/cms/StoreProductsGrid.tsx(40,9): error TS2322: Type 'Resolver<{ title_ar: string; title_en: string; slug: string; base_price: unknown; stock_quantity: unknown; description_ar?: string | undefined; description_en?: string | undefined; sale_price?: unknown; sku?: string | undefined; barcode?: string | undefined; category_id?: string | undefined; is_active?: boolean | un...' is not assignable to type 'Resolver<{ title_ar: string; title_en: string; slug: string; base_price: number; stock_quantity: number; is_active: boolean; description_ar?: string | undefined; description_en?: string | undefined; sale_price?: number | ... 1 more ... | undefined; sku?: string | undefined; barcode?: string | undefined; category_id?...'.
  Types of parameters 'options' and 'options' are incompatible.
    Type 'ResolverOptions<{ title_ar: string; title_en: string; slug: string; base_price: number; stock_quantity: number; is_active: boolean; description_ar?: string | undefined; description_en?: string | undefined; sale_price?: number | ... 1 more ... | undefined; sku?: string | undefined; barcode?: string | undefined; categ...' is not assignable to type 'ResolverOptions<{ title_ar: string; title_en: string; slug: string; base_price: unknown; stock_quantity: unknown; description_ar?: string | undefined; description_en?: string | undefined; sale_price?: unknown; sku?: string | undefined; barcode?: string | undefined; category_id?: string | undefined; is_active?: boole...'.
      Type 'unknown' is not assignable to type 'number'.
src/components/cms/StoreProductsGrid.tsx(80,49): error TS2345: Argument of type 'string | null' is not assignable to parameter of type 'string | undefined'.
  Type 'null' is not assignable to type 'string | undefined'.
src/components/cms/StoreProductsGrid.tsx(212,62): error TS2345: Argument of type '(data: { title_ar: string; title_en: string; slug: string; base_price: number; stock_quantity: number; is_active: boolean; description_ar?: string | undefined; description_en?: string | undefined; sale_price?: number | ... 1 more ... | undefined; sku?: string | undefined; barcode?: string | undefined; category_id?: ...' is not assignable to parameter of type 'SubmitHandler<TFieldValues>'.
  Types of parameters 'data' and 'data' are incompatible.
    Type 'TFieldValues' is not assignable to type '{ title_ar: string; title_en: string; slug: string; base_price: number; stock_quantity: number; is_active: boolean; description_ar?: string | undefined; description_en?: string | undefined; sale_price?: number | ... 1 more ... | undefined; sku?: string | undefined; barcode?: string | undefined; category_id?: string ...'.
      Type 'FieldValues' is missing the following properties from type '{ title_ar: string; title_en: string; slug: string; base_price: number; stock_quantity: number; is_active: boolean; description_ar?: string | undefined; description_en?: string | undefined; sale_price?: number | ... 1 more ... | undefined; sku?: string | undefined; barcode?: string | undefined; category_id?: string ...': title_ar, title_en, slug, base_price, and 2 more.
src/components/cms/StoreProductsGrid.tsx(219,64): error TS2345: Argument of type '(data: { title_ar: string; title_en: string; slug: string; base_price: number; stock_quantity: number; is_active: boolean; description_ar?: string | undefined; description_en?: string | undefined; sale_price?: number | ... 1 more ... | undefined; sku?: string | undefined; barcode?: string | undefined; category_id?: ...' is not assignable to parameter of type 'SubmitHandler<TFieldValues>'.
  Types of parameters 'data' and 'data' are incompatible.
    Type 'TFieldValues' is not assignable to type '{ title_ar: string; title_en: string; slug: string; base_price: number; stock_quantity: number; is_active: boolean; description_ar?: string | undefined; description_en?: string | undefined; sale_price?: number | ... 1 more ... | undefined; sku?: string | undefined; barcode?: string | undefined; category_id?: string ...'.
      Type 'FieldValues' is missing the following properties from type '{ title_ar: string; title_en: string; slug: string; base_price: number; stock_quantity: number; is_active: boolean; description_ar?: string | undefined; description_en?: string | undefined; sale_price?: number | ... 1 more ... | undefined; sku?: string | undefined; barcode?: string | undefined; category_id?: string ...': title_ar, title_en, slug, base_price, and 2 more.
